// Jest Snapshot v1, https://goo.gl/fbAQLP

exports[`Login Component renders correctly 1`] = `
<form
  className="login"
>
  <label>
    Username
  </label>
  <input
    id="email"
    name="email"
    onChange={[Function]}
    type="text"
  />
  <label>
    Password
  </label>
  <input
    id="password"
    name="password"
    onChange={[Function]}
    type="password"
  />
  <button>
    Submit
  </button>
</form>
`;
